

================================================================
== Vivado HLS Report for 'distPoints_fix'
================================================================
* Date:           Sun Jul  9 17:28:05 2023

* Version:        2018.2 (Build 2258646 on Thu Jun 14 20:25:20 MDT 2018)
* Project:        Lab_4
* Solution:       solution1
* Product family: zynq
* Target device:  xc7z020clg484-1


================================================================
== Performance Estimates
================================================================
+ Timing (ns): 
    * Summary: 
    +--------+-------+----------+------------+
    |  Clock | Target| Estimated| Uncertainty|
    +--------+-------+----------+------------+
    |ap_clk  |  10.00|     9.927|        1.25|
    +--------+-------+----------+------------+

+ Latency (clock cycles): 
    * Summary: 
    +-----+-----+-----+-----+---------+
    |  Latency  |  Interval | Pipeline|
    | min | max | min | max |   Type  |
    +-----+-----+-----+-----+---------+
    |   25|   25|   25|   25|   none  |
    +-----+-----+-----+-----+---------+

    + Detail: 
        * Instance: 
        N/A

        * Loop: 
        N/A



================================================================
== Utilization Estimates
================================================================
* Summary: 
+-----------------+---------+-------+--------+-------+
|       Name      | BRAM_18K| DSP48E|   FF   |  LUT  |
+-----------------+---------+-------+--------+-------+
|DSP              |        -|      2|       -|      -|
|Expression       |        -|      -|      73|   1267|
|FIFO             |        -|      -|       -|      -|
|Instance         |        -|      0|     845|   1307|
|Memory           |        -|      -|       -|      -|
|Multiplexer      |        -|      -|       -|    125|
|Register         |        -|      -|     491|      -|
+-----------------+---------+-------+--------+-------+
|Total            |        0|      2|    1409|   2699|
+-----------------+---------+-------+--------+-------+
|Available        |      280|    220|  106400|  53200|
+-----------------+---------+-------+--------+-------+
|Utilization (%)  |        0|   ~0  |       1|      5|
+-----------------+---------+-------+--------+-------+

+ Detail: 
    * Instance: 
    +-------------------------+----------------------+---------+-------+-----+-----+
    |         Instance        |        Module        | BRAM_18K| DSP48E|  FF | LUT |
    +-------------------------+----------------------+---------+-------+-----+-----+
    |distPoints_fix_fpcud_U2  |distPoints_fix_fpcud  |        0|      0|  100|  138|
    |distPoints_fix_fsdEe_U3  |distPoints_fix_fsdEe  |        0|      0|  405|  615|
    |distPoints_fix_uibkb_U1  |distPoints_fix_uibkb  |        0|      0|  340|  554|
    +-------------------------+----------------------+---------+-------+-----+-----+
    |Total                    |                      |        0|      0|  845| 1307|
    +-------------------------+----------------------+---------+-------+-----+-----+

    * DSP48: 
    +-------------------------+----------------------+--------------+
    |         Instance        |        Module        |  Expression  |
    +-------------------------+----------------------+--------------+
    |distPoints_fix_mafYi_U5  |distPoints_fix_mafYi  | i0 + i1 * i1 |
    |distPoints_fix_mueOg_U4  |distPoints_fix_mueOg  |    i0 * i0   |
    +-------------------------+----------------------+--------------+

    * Memory: 
    N/A

    * FIFO: 
    N/A

    * Expression: 
    +------------------------------+----------+-------+----+-----+------------+------------+
    |         Variable Name        | Operation| DSP48E| FF | LUT | Bitwidth P0| Bitwidth P1|
    +------------------------------+----------+-------+----+-----+------------+------------+
    |p_Repl2_1_trunc_fu_353_p2     |     +    |      0|   0|   15|           8|           8|
    |tmp_15_fu_463_p2              |     +    |      0|   0|   12|           5|          12|
    |tmp_29_fu_296_p2              |     +    |      0|   0|   15|           6|           6|
    |F2_fu_451_p2                  |     -    |      0|   0|   12|          11|          12|
    |man_V_1_fu_438_p2             |     -    |      0|   0|   61|           1|          54|
    |msb_idx_fu_233_p2             |     -    |      0|   0|   39|           6|          32|
    |r_V_1_fu_163_p2               |     -    |      0|   0|   24|          17|          17|
    |r_V_fu_149_p2                 |     -    |      0|   0|   24|          17|          17|
    |tmp_16_fu_469_p2              |     -    |      0|   0|   12|           4|          12|
    |tmp_7_fu_188_p2               |     -    |      0|   0|   41|           1|          34|
    |tmp_s_fu_280_p2               |     -    |      0|   0|   39|           5|          32|
    |sel_tmp2_fu_555_p2            |    and   |      0|   0|    2|           1|           1|
    |sel_tmp4_fu_604_p2            |    and   |      0|   0|    2|           1|           1|
    |sel_tmp7_fu_570_p2            |    and   |      0|   0|    2|           1|           1|
    |sel_tmp9_fu_581_p2            |    and   |      0|   0|    2|           1|           1|
    |sel_tmp_fu_587_p2             |    and   |      0|   0|    2|           1|           1|
    |tmp_21_fu_521_p2              |   ashr   |      0|   0|  162|          54|          54|
    |tmp_8_fu_221_p3               |   cttz   |      0|  73|   71|          64|           0|
    |icmp9_fu_503_p2               |   icmp   |      0|   0|   11|           8|           1|
    |icmp_fu_271_p2                |   icmp   |      0|   0|   18|          26|           1|
    |tmp_13_fu_418_p2              |   icmp   |      0|   0|   29|          63|           1|
    |tmp_14_fu_457_p2              |   icmp   |      0|   0|   13|          12|           4|
    |tmp_17_fu_483_p2              |   icmp   |      0|   0|   13|          12|           4|
    |tmp_18_fu_512_p2              |   icmp   |      0|   0|   13|          12|           6|
    |tmp_2_fu_337_p2               |   icmp   |      0|   0|   11|           8|           8|
    |tmp_3_fu_176_p2               |   icmp   |      0|   0|   21|          34|           1|
    |tmp_31_fu_306_p2              |   lshr   |      0|   0|  113|          35|          35|
    |or_cond1_fu_630_p2            |    or    |      0|   0|    2|           1|           1|
    |or_cond2_fu_644_p2            |    or    |      0|   0|    2|           1|           1|
    |or_cond_fu_617_p2             |    or    |      0|   0|    2|           1|           1|
    |sel_tmp21_demorgan_fu_593_p2  |    or    |      0|   0|    2|           1|           1|
    |sel_tmp6_demorgan_fu_560_p2   |    or    |      0|   0|    2|           1|           1|
    |ap_return                     |  select  |      0|   0|   16|           1|          16|
    |man_V_2_fu_444_p3             |  select  |      0|   0|   54|           1|          54|
    |msb_idx_1_fu_251_p3           |  select  |      0|   0|   31|           1|           1|
    |newSel1_fu_623_p3             |  select  |      0|   0|   16|           1|          16|
    |newSel2_fu_636_p3             |  select  |      0|   0|   16|           1|          16|
    |newSel_fu_609_p3              |  select  |      0|   0|   16|           1|          16|
    |p_Val2_4_fu_193_p3            |  select  |      0|   0|   34|           1|          34|
    |sh_amt_fu_475_p3              |  select  |      0|   0|   12|           1|          12|
    |temp_fu_381_p3                |  select  |      0|   0|   32|           1|           1|
    |tmp24_cast_cast_fu_346_p3     |  select  |      0|   0|    7|           1|           7|
    |tmp32_V_3_fu_315_p3           |  select  |      0|   0|   32|           1|          32|
    |tmp_22_fu_530_p3              |  select  |      0|   0|    2|           1|           2|
    |tmp32_V_1_fu_286_p2           |    shl   |      0|   0|  101|          32|          32|
    |tmp_24_fu_540_p2              |    shl   |      0|   0|  101|          32|          32|
    |sel_tmp1_fu_550_p2            |    xor   |      0|   0|    2|           1|           2|
    |sel_tmp3_fu_598_p2            |    xor   |      0|   0|    2|           1|           2|
    |sel_tmp6_fu_564_p2            |    xor   |      0|   0|    2|           1|           2|
    |sel_tmp8_fu_575_p2            |    xor   |      0|   0|    2|           1|           2|
    +------------------------------+----------+-------+----+-----+------------+------------+
    |Total                         |          |      0|  73| 1267|         499|         640|
    +------------------------------+----------+-------+----+-----+------------+------------+

    * Multiplexer: 
    +-----------+-----+-----------+-----+-----------+
    |    Name   | LUT | Input Size| Bits| Total Bits|
    +-----------+-----+-----------+-----+-----------+
    |ap_NS_fsm  |  125|         27|    1|         27|
    +-----------+-----+-----------+-----+-----------+
    |Total      |  125|         27|    1|         27|
    +-----------+-----+-----------+-----+-----------+

    * Register: 
    +-----------------------+----+----+-----+-----------+
    |          Name         | FF | LUT| Bits| Const Bits|
    +-----------------------+----+----+-----+-----------+
    |ap_CS_fsm              |  26|   0|   26|          0|
    |exp_tmp_V_reg_752      |  11|   0|   11|          0|
    |icmp9_reg_797          |   1|   0|    1|          0|
    |is_neg_reg_690         |   1|   0|    1|          0|
    |isneg_reg_746          |   1|   0|    1|          0|
    |man_V_2_reg_768        |  54|   0|   54|          0|
    |msb_idx_reg_706        |  32|   0|   32|          0|
    |p_Val2_1_reg_680       |  34|   0|   34|          0|
    |p_Val2_4_cast_reg_701  |  35|   0|   35|          0|
    |p_Val2_4_reg_695       |  34|   0|   34|          0|
    |r_V_reg_675            |  17|   0|   17|          0|
    |sh_amt_reg_779         |  12|   0|   12|          0|
    |temp_reg_736           |  32|   0|   32|          0|
    |tmp32_V_3_reg_721      |  32|   0|   32|          0|
    |tmp32_V_6_reg_726      |  32|   0|   32|          0|
    |tmp_11_reg_716         |   1|   0|    1|          0|
    |tmp_13_reg_762         |   1|   0|    1|          0|
    |tmp_14_reg_773         |   1|   0|    1|          0|
    |tmp_17_reg_785         |   1|   0|    1|          0|
    |tmp_2_reg_731          |   1|   0|    1|          0|
    |tmp_36_reg_757         |  52|   0|   52|          0|
    |tmp_37_reg_791         |  16|   0|   16|          0|
    |tmp_3_reg_685          |   1|   0|    1|          0|
    |tmp_9_reg_711          |  31|   0|   31|          0|
    |v_assign_reg_741       |  32|   0|   32|          0|
    +-----------------------+----+----+-----+-----------+
    |Total                  | 491|   0|  491|          0|
    +-----------------------+----+----+-----+-----------+



================================================================
== Interface
================================================================
* Summary: 
+-----------+-----+-----+------------+----------------+--------------+
| RTL Ports | Dir | Bits|  Protocol  |  Source Object |    C Type    |
+-----------+-----+-----+------------+----------------+--------------+
|ap_clk     |  in |    1| ap_ctrl_hs | distPoints_fix | return value |
|ap_rst     |  in |    1| ap_ctrl_hs | distPoints_fix | return value |
|ap_start   |  in |    1| ap_ctrl_hs | distPoints_fix | return value |
|ap_done    | out |    1| ap_ctrl_hs | distPoints_fix | return value |
|ap_idle    | out |    1| ap_ctrl_hs | distPoints_fix | return value |
|ap_ready   | out |    1| ap_ctrl_hs | distPoints_fix | return value |
|ap_return  | out |   16| ap_ctrl_hs | distPoints_fix | return value |
|x1_V       |  in |   16|   ap_none  |      x1_V      |    scalar    |
|y1_V       |  in |   16|   ap_none  |      y1_V      |    scalar    |
|x2_V       |  in |   16|   ap_none  |      x2_V      |    scalar    |
|y2_V       |  in |   16|   ap_none  |      y2_V      |    scalar    |
+-----------+-----+-----+------------+----------------+--------------+

