

================================================================
== Vivado HLS Report for 'gravity'
================================================================
* Date:           Sun Jul  9 17:38:25 2023

* Version:        2018.2 (Build 2258646 on Thu Jun 14 20:25:20 MDT 2018)
* Project:        Lab_5
* Solution:       solution1
* Product family: zynq
* Target device:  xc7z020clg484-1


================================================================
== Performance Estimates
================================================================
+ Timing (ns): 
    * Summary: 
    +--------+-------+----------+------------+
    |  Clock | Target| Estimated| Uncertainty|
    +--------+-------+----------+------------+
    |ap_clk  |  10.00|     8.256|        1.25|
    +--------+-------+----------+------------+

+ Latency (clock cycles): 
    * Summary: 
    +-----+-----+-----+-----+---------+
    |  Latency  |  Interval | Pipeline|
    | min | max | min | max |   Type  |
    +-----+-----+-----+-----+---------+
    |   24|   24|   24|   24|   none  |
    +-----+-----+-----+-----+---------+

    + Detail: 
        * Instance: 
        N/A

        * Loop: 
        N/A



================================================================
== Utilization Estimates
================================================================
* Summary: 
+-----------------+---------+-------+--------+-------+
|       Name      | BRAM_18K| DSP48E|   FF   |  LUT  |
+-----------------+---------+-------+--------+-------+
|DSP              |        -|      -|       -|      -|
|Expression       |        -|      -|       -|      -|
|FIFO             |        -|      -|       -|      -|
|Instance         |        0|      5|    1291|   2001|
|Memory           |        -|      -|       -|      -|
|Multiplexer      |        -|      -|       -|    151|
|Register         |        -|      -|     121|      -|
+-----------------+---------+-------+--------+-------+
|Total            |        0|      5|    1412|   2152|
+-----------------+---------+-------+--------+-------+
|Available        |      280|    220|  106400|  53200|
+-----------------+---------+-------+--------+-------+
|Utilization (%)  |        0|      2|       1|      4|
+-----------------+---------+-------+--------+-------+

+ Detail: 
    * Instance: 
    +-------------------------+----------------------+---------+-------+-----+-----+
    |         Instance        |        Module        | BRAM_18K| DSP48E|  FF | LUT |
    +-------------------------+----------------------+---------+-------+-----+-----+
    |gravity_CRTLS_s_axi_U    |gravity_CRTLS_s_axi   |        0|      0|  182|  296|
    |gravity_fadd_32nsbkb_U1  |gravity_fadd_32nsbkb  |        0|      2|  205|  390|
    |gravity_fdiv_32nsdEe_U3  |gravity_fdiv_32nsdEe  |        0|      0|  761|  994|
    |gravity_fmul_32nscud_U2  |gravity_fmul_32nscud  |        0|      3|  143|  321|
    +-------------------------+----------------------+---------+-------+-----+-----+
    |Total                    |                      |        0|      5| 1291| 2001|
    +-------------------------+----------------------+---------+-------+-----+-----+

    * DSP48: 
    N/A

    * Memory: 
    N/A

    * FIFO: 
    N/A

    * Expression: 
    N/A

    * Multiplexer: 
    +--------------+-----+-----------+-----+-----------+
    |     Name     | LUT | Input Size| Bits| Total Bits|
    +--------------+-----+-----------+-----+-----------+
    |ap_NS_fsm     |  121|         26|    1|         26|
    |grp_fu_52_p0  |   15|          3|   32|         96|
    |grp_fu_52_p1  |   15|          3|   32|         96|
    +--------------+-----+-----------+-----+-----------+
    |Total         |  151|         32|   65|        218|
    +--------------+-----+-----------+-----+-----------+

    * Register: 
    +--------------------+----+----+-----+-----------+
    |        Name        | FF | LUT| Bits| Const Bits|
    +--------------------+----+----+-----+-----------+
    |ap_CS_fsm           |  25|   0|   25|          0|
    |dist_square_reg_88  |  32|   0|   32|          0|
    |tmp_3_reg_82        |  32|   0|   32|          0|
    |tmp_4_reg_77        |  32|   0|   32|          0|
    +--------------------+----+----+-----+-----------+
    |Total               | 121|   0|  121|          0|
    +--------------------+----+----+-----+-----------+



================================================================
== Interface
================================================================
* Summary: 
+---------------------+-----+-----+------------+--------------+--------------+
|      RTL Ports      | Dir | Bits|  Protocol  | Source Object|    C Type    |
+---------------------+-----+-----+------------+--------------+--------------+
|s_axi_CRTLS_AWVALID  |  in |    1|    s_axi   |     CRTLS    |    scalar    |
|s_axi_CRTLS_AWREADY  | out |    1|    s_axi   |     CRTLS    |    scalar    |
|s_axi_CRTLS_AWADDR   |  in |    6|    s_axi   |     CRTLS    |    scalar    |
|s_axi_CRTLS_WVALID   |  in |    1|    s_axi   |     CRTLS    |    scalar    |
|s_axi_CRTLS_WREADY   | out |    1|    s_axi   |     CRTLS    |    scalar    |
|s_axi_CRTLS_WDATA    |  in |   32|    s_axi   |     CRTLS    |    scalar    |
|s_axi_CRTLS_WSTRB    |  in |    4|    s_axi   |     CRTLS    |    scalar    |
|s_axi_CRTLS_ARVALID  |  in |    1|    s_axi   |     CRTLS    |    scalar    |
|s_axi_CRTLS_ARREADY  | out |    1|    s_axi   |     CRTLS    |    scalar    |
|s_axi_CRTLS_ARADDR   |  in |    6|    s_axi   |     CRTLS    |    scalar    |
|s_axi_CRTLS_RVALID   | out |    1|    s_axi   |     CRTLS    |    scalar    |
|s_axi_CRTLS_RREADY   |  in |    1|    s_axi   |     CRTLS    |    scalar    |
|s_axi_CRTLS_RDATA    | out |   32|    s_axi   |     CRTLS    |    scalar    |
|s_axi_CRTLS_RRESP    | out |    2|    s_axi   |     CRTLS    |    scalar    |
|s_axi_CRTLS_BVALID   | out |    1|    s_axi   |     CRTLS    |    scalar    |
|s_axi_CRTLS_BREADY   |  in |    1|    s_axi   |     CRTLS    |    scalar    |
|s_axi_CRTLS_BRESP    | out |    2|    s_axi   |     CRTLS    |    scalar    |
|ap_clk               |  in |    1| ap_ctrl_hs |    gravity   | return value |
|ap_rst_n             |  in |    1| ap_ctrl_hs |    gravity   | return value |
|interrupt            | out |    1| ap_ctrl_hs |    gravity   | return value |
+---------------------+-----+-----+------------+--------------+--------------+

